@a1 = global half 1.0

@a2 = global half 2.0

@a3 = global half -2.0

@a4 = global half 65472.0

@a5 = global half 65504.0

@a6 = global half -65504.0

@a7 = global half 0.0

@a8 = global half -0.0

@a9 = global half 0xH7C00

@a10 = global half 0xHFC00

@a11 = global half 241.875

@a12 = global half 9.5625
