define i32 @extractelement_1() {
; <label>:0
	ret i32 extractelement (<2 x i32> <i32 21, i32 42>, i32 1)
}

define <2 x i32> @insertelement_1() {
; <label>:0
	ret <2 x i32> insertelement (<2 x i32> <i32 21, i32 42>, i32 42, i32 0)
}

define <2 x i32> @shufflevector_1() {
; <label>:0
	ret <2 x i32> shufflevector (<2 x i32> <i32 21, i32 42>, <2 x i32> <i32 42, i32 84>, <2 x i32> <i32 1, i32 2>)
}
