define i32 @add_1() {
; <label>:0
	%result = add i32 30, 12
	ret i32 %result
}

define <2 x i32> @add_2() {
; <label>:0
	%result = add <2 x i32> <i32 30, i32 12>, <i32 12, i32 30>
	ret <2 x i32> %result
}

define i32 @add_3() {
; <label>:0
	%result = add i32 30, 12
	ret i32 %result
}

define i32 @add_4() {
; <label>:0
	%result = add i32 30, 12, !baz !{!"qux"}, !foo !{!"bar"}
	ret i32 %result
}

define i32 @add_5() {
; <label>:0
	%result = add i32 30, 12, !baz !{!"qux"}, !foo !{!"bar"}
	ret i32 %result
}

define double @fadd_1() {
; <label>:0
	%result = fadd double 30.0, 12.0
	ret double %result
}

define <2 x double> @fadd_2() {
; <label>:0
	%result = fadd <2 x double> <double 30.0, double 12.0>, <double 12.0, double 30.0>
	ret <2 x double> %result
}

define double @fadd_3() {
; <label>:0
	%result = fadd double 30.0, 12.0
	ret double %result
}

define double @fadd_4() {
; <label>:0
	%result = fadd double 30.0, 12.0, !baz !{!"qux"}, !foo !{!"bar"}
	ret double %result
}

define double @fadd_5() {
; <label>:0
	%result = fadd double 30.0, 12.0, !baz !{!"qux"}, !foo !{!"bar"}
	ret double %result
}

define i32 @sub_1() {
; <label>:0
	%result = sub i32 50, 8
	ret i32 %result
}

define <2 x i32> @sub_2() {
; <label>:0
	%result = sub <2 x i32> <i32 50, i32 -8>, <i32 8, i32 -50>
	ret <2 x i32> %result
}

define i32 @sub_3() {
; <label>:0
	%result = sub i32 50, 8
	ret i32 %result
}

define i32 @sub_4() {
; <label>:0
	%result = sub i32 50, 8, !baz !{!"qux"}, !foo !{!"bar"}
	ret i32 %result
}

define i32 @sub_5() {
; <label>:0
	%result = sub i32 50, 8, !baz !{!"qux"}, !foo !{!"bar"}
	ret i32 %result
}

define double @fsub_1() {
; <label>:0
	%result = fsub double 50.0, 8.0
	ret double %result
}

define <2 x double> @fsub_2() {
; <label>:0
	%result = fsub <2 x double> <double 50.0, double -8.0>, <double 8.0, double -50.0>
	ret <2 x double> %result
}

define double @fsub_3() {
; <label>:0
	%result = fsub double 50.0, 8.0
	ret double %result
}

define double @fsub_4() {
; <label>:0
	%result = fsub double 50.0, 8.0, !baz !{!"qux"}, !foo !{!"bar"}
	ret double %result
}

define double @fsub_5() {
; <label>:0
	%result = fsub double 50.0, 8.0, !baz !{!"qux"}, !foo !{!"bar"}
	ret double %result
}

define i32 @mul_1() {
; <label>:0
	%result = mul i32 21, 2
	ret i32 %result
}

define <2 x i32> @mul_2() {
; <label>:0
	%result = mul <2 x i32> <i32 21, i32 2>, <i32 2, i32 21>
	ret <2 x i32> %result
}

define i32 @mul_3() {
; <label>:0
	%result = mul i32 21, 2
	ret i32 %result
}

define i32 @mul_4() {
; <label>:0
	%result = mul i32 21, 2, !baz !{!"qux"}, !foo !{!"bar"}
	ret i32 %result
}

define i32 @mul_5() {
; <label>:0
	%result = mul i32 21, 2, !baz !{!"qux"}, !foo !{!"bar"}
	ret i32 %result
}

define double @fmul_1() {
; <label>:0
	%result = fmul double 21.0, 2.0
	ret double %result
}

define <2 x double> @fmul_2() {
; <label>:0
	%result = fmul <2 x double> <double 21.0, double 2.0>, <double 2.0, double 21.0>
	ret <2 x double> %result
}

define double @fmul_3() {
; <label>:0
	%result = fmul double 21.0, 2.0
	ret double %result
}

define double @fmul_4() {
; <label>:0
	%result = fmul double 21.0, 2.0, !baz !{!"qux"}, !foo !{!"bar"}
	ret double %result
}

define double @fmul_5() {
; <label>:0
	%result = fmul double 21.0, 2.0, !baz !{!"qux"}, !foo !{!"bar"}
	ret double %result
}

define i32 @udiv_1() {
; <label>:0
	%result = udiv i32 84, 2
	ret i32 %result
}

define <2 x i32> @udiv_2() {
; <label>:0
	%result = udiv <2 x i32> <i32 84, i32 42>, <i32 2, i32 1>
	ret <2 x i32> %result
}

define i32 @udiv_3() {
; <label>:0
	%result = udiv i32 84, 2
	ret i32 %result
}

define i32 @udiv_4() {
; <label>:0
	%result = udiv i32 84, 2, !baz !{!"qux"}, !foo !{!"bar"}
	ret i32 %result
}

define i32 @udiv_5() {
; <label>:0
	%result = udiv i32 84, 2, !baz !{!"qux"}, !foo !{!"bar"}
	ret i32 %result
}

define i32 @sdiv_1() {
; <label>:0
	%result = sdiv i32 -84, -2
	ret i32 %result
}

define <2 x i32> @sdiv_2() {
; <label>:0
	%result = sdiv <2 x i32> <i32 -84, i32 42>, <i32 -2, i32 1>
	ret <2 x i32> %result
}

define i32 @sdiv_3() {
; <label>:0
	%result = sdiv i32 -84, -2
	ret i32 %result
}

define i32 @sdiv_4() {
; <label>:0
	%result = sdiv i32 -84, -2, !baz !{!"qux"}, !foo !{!"bar"}
	ret i32 %result
}

define i32 @sdiv_5() {
; <label>:0
	%result = sdiv i32 -84, -2, !baz !{!"qux"}, !foo !{!"bar"}
	ret i32 %result
}

define double @fdiv_1() {
; <label>:0
	%result = fdiv double 84.0, 2.0
	ret double %result
}

define <2 x double> @fdiv_2() {
; <label>:0
	%result = fdiv <2 x double> <double 84.0, double 42.0>, <double 2.0, double 1.0>
	ret <2 x double> %result
}

define double @fdiv_3() {
; <label>:0
	%result = fdiv double 84.0, 2.0
	ret double %result
}

define double @fdiv_4() {
; <label>:0
	%result = fdiv double 84.0, 2.0, !baz !{!"qux"}, !foo !{!"bar"}
	ret double %result
}

define double @fdiv_5() {
; <label>:0
	%result = fdiv double 84.0, 2.0, !baz !{!"qux"}, !foo !{!"bar"}
	ret double %result
}

define i32 @urem_1() {
; <label>:0
	%result = urem i32 85, 43
	ret i32 %result
}

define <2 x i32> @urem_2() {
; <label>:0
	%result = urem <2 x i32> <i32 85, i32 162>, <i32 43, i32 60>
	ret <2 x i32> %result
}

define i32 @urem_3() {
; <label>:0
	%result = urem i32 85, 43, !baz !{!"qux"}, !foo !{!"bar"}
	ret i32 %result
}

define i32 @srem_1() {
; <label>:0
	%result = srem i32 85, -43
	ret i32 %result
}

define <2 x i32> @srem_2() {
; <label>:0
	%result = srem <2 x i32> <i32 85, i32 162>, <i32 -43, i32 -60>
	ret <2 x i32> %result
}

define i32 @srem_3() {
; <label>:0
	%result = srem i32 85, -43, !baz !{!"qux"}, !foo !{!"bar"}
	ret i32 %result
}

define double @frem_1() {
; <label>:0
	%result = frem double 85.0, 43.0
	ret double %result
}

define <2 x double> @frem_2() {
; <label>:0
	%result = frem <2 x double> <double 85.0, double 162.0>, <double 43.0, double 60.0>
	ret <2 x double> %result
}

define double @frem_3() {
; <label>:0
	%result = frem double 85.0, 43.0
	ret double %result
}

define double @frem_4() {
; <label>:0
	%result = frem double 85.0, 43.0, !baz !{!"qux"}, !foo !{!"bar"}
	ret double %result
}

define double @frem_5() {
; <label>:0
	%result = frem double 85.0, 43.0, !baz !{!"qux"}, !foo !{!"bar"}
	ret double %result
}
