define i32* @alloca_1() {
; <label>:0
	%result = alloca i32
	ret i32* %result
}

define i32* @alloca_2() {
; <label>:0
	%result = alloca i32, i32 10
	ret i32* %result
}

define i32* @alloca_3() {
; <label>:0
	%result = alloca i32
	ret i32* %result
}

define i32* @alloca_4() {
; <label>:0
	%result = alloca i32, !baz !{!"qux"}, !foo !{!"bar"}
	ret i32* %result
}

define i32* @alloca_5() {
; <label>:0
	%result = alloca i32, i32 10, !baz !{!"qux"}, !foo !{!"bar"}
	ret i32* %result
}

define i32 @load_1(i32* %x) {
; <label>:0
	%result = load i32, i32* %x
	ret i32 %result
}

define i32 @load_2(i32* %x) {
; <label>:0
	%result = load i32, i32* %x
	ret i32 %result
}

define i32 @load_3(i32* %x) {
; <label>:0
	%result = load i32, i32* %x
	ret i32 %result
}

define i32 @load_4(i32* %x) {
; <label>:0
	%result = load i32, i32* %x, !baz !{!"qux"}, !foo !{!"bar"}
	ret i32 %result
}

define i32 @load_5(i32* %x) {
; <label>:0
	%result = load i32, i32* %x, !baz !{!"qux"}, !foo !{!"bar"}
	ret i32 %result
}

define void @store_1(i32* %x) {
; <label>:0
	store i32 42, i32* %x
	ret void
}

define void @store_2(i32* %x) {
; <label>:0
	store i32 42, i32* %x
	ret void
}

define void @store_3(i32* %x) {
; <label>:0
	store i32 42, i32* %x
	ret void
}

define void @store_4(i32* %x) {
; <label>:0
	store i32 42, i32* %x, !baz !{!"qux"}, !foo !{!"bar"}
	ret void
}

define void @store_5(i32* %x) {
; <label>:0
	store i32 42, i32* %x, !baz !{!"qux"}, !foo !{!"bar"}
	ret void
}

define i32* @getelementptr_1(i32* %x) {
; <label>:0
	%result = getelementptr i32, i32* %x
	ret i32* %result
}

define i32* @getelementptr_2({ i32, { [2 x i32], i8 } }* %x) {
; <label>:0
	%result = getelementptr { i32, { [2 x i32], i8 } }, { i32, { [2 x i32], i8 } }* %x, i32 0, i32 1, i32 0, i32 1
	ret i32* %result
}

define i32* @getelementptr_3(i32* %x) {
; <label>:0
	%result = getelementptr i32, i32* %x
	ret i32* %result
}

define i32* @getelementptr_4(i32* %x) {
; <label>:0
	%result = getelementptr i32, i32* %x, !baz !{!"qux"}, !foo !{!"bar"}
	ret i32* %result
}

define i32* @getelementptr_5({ i32, { [2 x i32], i8 } }* %x) {
; <label>:0
	%result = getelementptr { i32, { [2 x i32], i8 } }, { i32, { [2 x i32], i8 } }* %x, i32 0, i32 1, i32 0, i32 1, !baz !{!"qux"}, !foo !{!"bar"}
	ret i32* %result
}
