declare !bar !{!"baz"} !foo !0 !qux !{!2} void @f1()

define void @f2() !bar !{!"baz"} !foo !0 !qux !{!2} {
; <label>:0
	ret void
}

!foo = !{}

!bar = !{!0}

!baz = !{!0, !1}

!0 = !{}

!1 = !{!0}

!2 = !{!0, !1}

!3 = !{!2}

!4 = !{!{!{!0}}}

!5 = !{!"foo"}

!6 = !{i32 42}

!7 = !{!{!"bar"}}
