%t2 = type i32 (i32)

%t3 = type i32

%t4 = type double

%t6 = type i32*

%t7 = type <2 x i32>

%t8 = type label

%t10 = type metadata

%t11 = type [2 x i32]

%t12 = type { i32, double }

%t13 = type { i32, i8, i32 }

%t14 = type i32

declare void @f1()

declare i1 @f2()

declare i2 @f3()

declare i4 @f4()

declare i8 @f5()

declare i16 @f6()

declare i32 @f7()

declare i64 @f8()

declare i128 @f9()

declare half @f10()

declare float @f11()

declare double @f12()

declare fp128 @f13()

declare x86_fp80 @f14()

declare ppc_fp128 @f15()

declare i8* @f16()

declare <2 x i8> @f17()

define void @f18() {
; <label>:0
	br label %foo
foo:
	ret void
}

declare void @f19(metadata %x)

declare [2 x i32] @f20()

declare { i32 } @f21()

declare { i32, i8, [2 x i32], { i32, <2 x i8> } } @f22()

declare { i32, i8, i32 } @f23()

declare %t3 @f25()

declare %t4 @f26()

declare %t6 @f28()

declare %t7 @f29()

declare void @f32(%t10 %x)

declare %t11 @f33()

declare %t12 @f34()

declare %t13 @f35()
