declare void @g()

define void @f() {
; <label>:0
	call void @g()
	ret void
; <label>:1
	call void @g()
	ret void
}
